0|0|0|PDI|10T7/Pd|MA7|Ms XXXXXXXXX
0|0|1|Photography|10Y/Py1|AR1|Mrs XXXXXX
0|0|2|English|10A4/En|EN6|Ms XXXXXXXX
0|0|3|Science|10A1/Sc|SC3|Mr XXXXXX
0|0|4|Mathematics|10A1/Ma|LA7|Mr XXXXXX
0|0|5|PE|10A3/Pe|Unknown|Mr XXXXXXX
0|1|0|PDI|10T7/Pd|MA7|Ms XXXXXXXX
0|1|1|Science|10A1/Sc|SC6|Ms XXXXXXXXX
0|1|2|English|10A4/En|EN6|Ms XXXXXXXX
0|1|3|Triple Science|10X/Ts1|SC5|Mr XXXXXXXXX
0|1|4|Photography|10Y/Py1|DT4|Mrs XXXXXX
0|1|5|Mathematics|10A1/Ma|LA7|Mr XXXXXX
0|2|0|PDI|10T7/Pd|MA7|Ms XXXXXXXXX
0|2|1|Triple Science|10X/Ts1|SC7|Mr XXXXXXXXX
0|2|2|Triple Science|10X/Ts1|SC7|Mr XXXXXXXXX
0|2|3|English|10A4/En|EN6|Ms XXXXXXXX
0|2|4|Geography|10Z/Gg1|HU7|Mr XXXXXXXXXXXX
0|2|5|Mathematics|10A1/Ma|MA6|Mrs XXXXXXXX
0|3|0|PDI|10T7/Pd|MA7|Ms XXXXXXXXX
0|3|1|Mathematics|10A1/Ma|LA7|Mr XXXXXX
0|3|2|Science|10A1/Sc|SC3|Mr XXXXXX
0|3|3|Geography|10Z/Gg1|HU7|Mr XXXXXXXXXXXX
0|3|4|Geography|10Z/Gg1|HU7|Mr XXXXXXXXXXXX
0|3|5|PE|10A3/Pe|Unknown|Mr XXXXXXX
0|4|0|PDI|10T7/Pd|MA7|Ms XXXXXXXXX
0|4|1|Mathematics|10A1/Ma|LA7|Mr XXXXXX
0|4|2|Science|10A1/Sc|SC3|Mr XXXXXX
0|4|3|PE|10A3/Pe|Unknown|Mr XXXXXXX
0|4|4|Science|10A1/Sc|SC6|Ms XXXXXXXXX
0|4|5|PSHE|10A1/Ps|HU9|Mrs XXXXXXXXXXX
1|0|0|PDI|10T7/Pd|MA7|Ms XXXXXXXXX
1|0|1|Science|10A1/Sc|SC3|Mr XXXXXX
1|0|2|English|10A4/En|EN6|Ms XXXXXXXX
1|0|3|Mathematics|10A1/Ma|LA7|Mr XXXXXX
1|0|4|English|10A4/En|EN6|Ms XXXXXXXX
1|0|5|Science|10A1/Sc|SC6|Ms XXXXXXXXX
1|1|0|PDI|10T7/Pd|MA7|Ms XXXXXXXXX
1|1|1|English|10A4/En|EN6|Ms XXXXXXXX
1|1|2|Mathematics|10A1/Ma|LA7|Mr XXXXXX
1|1|3|Photography|10Y/Py1|DT4|Mrs XXXXXX
1|1|4|English|10A4/En|EN6|Ms XXXXXXXX
1|1|5|Triple Science|10X/Ts1|SC8|Mr XXXXXXXXX
1|2|0|PDI|10T7/Pd|MA7|Ms XXXXXXXXX
1|2|1|Mathematics|10A1/Ma|LA7|Mr XXXXXX
1|2|2|English|10A4/En|EN6|Ms XXXXXXXX
1|2|3|Triple Science|10X/Ts1|SC2|Mr XXXXXXXXX
1|2|4|Science|10A1/Sc|SC3|Mr XXXXXX
1|2|5|Geography|10Z/Gg1|HU7|Mr XXXXXXXXXXXX
1|3|0|PDI|10T7/Pd|MA7|Ms XXXXXXXXX
1|3|1|Geography|10Z/Gg1|HU7|Mr XXXXXXXXXXXX
1|3|2|English|10A4/En|EN6|Ms XXXXXXXX
1|3|3|Mathematics|10A1/Ma|LA7|Mr XXXXXX
1|3|4|Science|10A1/Sc|SC6|Ms XXXXXXXXX
1|3|5|Religious Education|10A1/Re|HU4|Mr XXXXXXXXXXXXX
1|4|0|PDI|10T7/Pd|MA7|Ms XXXXXXXXX
1|4|1|Photography|10Y/Py1|AR1|Mrs XXXXXX
1|4|2|Photography|10Y/Py1|AR1|Mrs XXXXXX
1|4|3|Mathematics|10A1/Ma|LA7|Mr XXXXXX
1|4|4|PE|10A3/Pe|Unknown|Mr XXXXXXX
1|4|5|Science|10A1/Sc|IT5|Ms XXXXXXXXX
